Copyright 1986-2018 Xilinx, Inc. All Rights Reserved.
----------------------------------------------------------------------------------------
| Tool Version : Vivado v.2018.2 (win64) Build 2258646 Thu Jun 14 20:03:12 MDT 2018
| Date         : Mon Mar 20 10:15:31 2023
| Host         : LAPTOP-0EVIT0Q1 running 64-bit major release  (build 9200)
| Command      : report_control_sets -verbose -file Top_Student_control_sets_placed.rpt
| Design       : Top_Student
| Device       : xc7a35t
----------------------------------------------------------------------------------------

Control Set Information

Table of Contents
-----------------
1. Summary
2. Histogram
3. Flip-Flop Distribution
4. Detailed Control Set Information

1. Summary
----------

+----------------------------------------------------------+-------+
|                          Status                          | Count |
+----------------------------------------------------------+-------+
| Number of unique control sets                            |    50 |
| Unused register locations in slices containing registers |   196 |
+----------------------------------------------------------+-------+


2. Histogram
------------

+--------+--------------+
| Fanout | Control Sets |
+--------+--------------+
|      2 |           26 |
|      4 |            1 |
|      8 |            1 |
|     12 |            2 |
|     14 |            1 |
|    16+ |           19 |
+--------+--------------+


3. Flip-Flop Distribution
-------------------------

+--------------+-----------------------+------------------------+-----------------+--------------+
| Clock Enable | Synchronous Set/Reset | Asynchronous Set/Reset | Total Registers | Total Slices |
+--------------+-----------------------+------------------------+-----------------+--------------+
| No           | No                    | No                     |             224 |           43 |
| No           | No                    | Yes                    |              26 |           13 |
| No           | Yes                   | No                     |             442 |           72 |
| Yes          | No                    | No                     |             248 |           35 |
| Yes          | No                    | Yes                    |               0 |            0 |
| Yes          | Yes                   | No                     |              72 |           10 |
+--------------+-----------------------+------------------------+-----------------+--------------+


4. Detailed Control Set Information
-----------------------------------

+----------------------------------+------------------------------------------------------+------------------------------------------------------+------------------+----------------+
|           Clock Signal           |                     Enable Signal                    |                   Set/Reset Signal                   | Slice Load Count | Bel Load Count |
+----------------------------------+------------------------------------------------------+------------------------------------------------------+------------------+----------------+
| ~team/click/segments_reg[12]_P_2 |                                                      | mouse/segments_reg[10]_P_0                           |                1 |              2 |
| ~team/click/segments_reg[12]_P_2 |                                                      | mouse/segments_reg[7]_P_0                            |                1 |              2 |
| ~team/click/segments_reg[12]_P_2 |                                                      | mouse/segments_reg[4]_P                              |                1 |              2 |
| ~team/click/segments_reg[12]_P_2 |                                                      | mouse/segments_reg[8]_P_0                            |                1 |              2 |
| ~team/click/segments_reg[12]_P_2 |                                                      | mouse/segments_reg[12]_P_0                           |                1 |              2 |
| ~team/click/segments_reg[12]_P_2 |                                                      | mouse/segments_reg[2]_P_0                            |                1 |              2 |
| ~team/click/segments_reg[12]_P_2 |                                                      | mouse/segments_reg[5]_P_0                            |                1 |              2 |
| ~team/click/segments_reg[12]_P_2 |                                                      | mouse/segments_reg[6]_P                              |                1 |              2 |
| ~team/click/segments_reg[12]_P_2 |                                                      | mouse/segments_reg[1]_P_0                            |                1 |              2 |
| ~team/click/segments_reg[12]_P_2 |                                                      | mouse/segments_reg[11]_P_0                           |                1 |              2 |
| ~team/click/segments_reg[12]_P_2 |                                                      | mouse/segments_reg[0]_P_0                            |                1 |              2 |
| ~team/click/segments_reg[12]_P_2 |                                                      | mouse/segments_reg[3]_P_0                            |                1 |              2 |
| ~team/click/segments_reg[12]_P_2 |                                                      | mouse/segments_reg[9]_P_0                            |                1 |              2 |
|  mouse/segments_reg[10]_P_0      |                                                      | mouse/segments_reg[10]_P                             |                1 |              2 |
|  mouse/segments_reg[7]_P_0       |                                                      | mouse/segments_reg[7]_P_1                            |                1 |              2 |
|  mouse/segments_reg[4]_P         |                                                      | mouse/segments_reg[4]_P_0                            |                1 |              2 |
|  mouse/segments_reg[8]_P_0       |                                                      | mouse/segments_reg[8]_P                              |                1 |              2 |
|  mouse/segments_reg[12]_P_0      |                                                      | mouse/segments_reg[12]_P                             |                1 |              2 |
|  mouse/segments_reg[2]_P_0       |                                                      | mouse/segments_reg[2]_P                              |                1 |              2 |
|  mouse/segments_reg[5]_P_0       |                                                      | mouse/segments_reg[5]_P                              |                1 |              2 |
|  mouse/segments_reg[6]_P         |                                                      | mouse/segments_reg[6]_P_0                            |                1 |              2 |
|  mouse/segments_reg[1]_P_0       |                                                      | mouse/segments_reg[1]_P                              |                1 |              2 |
|  mouse/segments_reg[11]_P_0      |                                                      | mouse/segments_reg[11]_P                             |                1 |              2 |
|  mouse/segments_reg[0]_P_0       |                                                      | mouse/segments_reg[0]_P                              |                1 |              2 |
|  mouse/segments_reg[3]_P_0       |                                                      | mouse/prev_num_reg[2]                                |                1 |              2 |
|  mouse/segments_reg[9]_P_0       |                                                      | mouse/segments_reg[9]_P                              |                1 |              2 |
| ~clk6p25m_BUFG                   |                                                      |                                                      |                2 |              4 |
|  clk_IBUF_BUFG                   | mouse/Inst_Ps2Interface/shift_frame                  | mouse/Inst_Ps2Interface/reset_bit_count              |                1 |              8 |
|  index_reg[1]_i_2_n_0            |                                                      |                                                      |                3 |             12 |
|  clk_IBUF_BUFG                   | mouse/Inst_Ps2Interface/right_down_reg               |                                                      |                1 |             12 |
|  clk_IBUF_BUFG                   | mouse/Inst_Ps2Interface/delay_63clk_count[6]_i_2_n_0 | mouse/Inst_Ps2Interface/delay_63clk_count[6]_i_1_n_0 |                2 |             14 |
|  clk_IBUF_BUFG                   | mouse/write_data                                     |                                                      |                2 |             16 |
|  clk_IBUF_BUFG                   | mouse/Inst_Ps2Interface/load_rx_data                 |                                                      |                2 |             16 |
|  clk_IBUF_BUFG                   | mouse/Inst_Ps2Interface/y_inc_reg[0]                 |                                                      |                3 |             16 |
|  clk_IBUF_BUFG                   | mouse/Inst_Ps2Interface/x_inc_reg[0]                 |                                                      |                2 |             16 |
|  clk_IBUF_BUFG                   | mouse/Inst_Ps2Interface/frame[9]_i_1_n_0             |                                                      |                2 |             20 |
|  clk_IBUF_BUFG                   | mouse/Inst_Ps2Interface/delay_20us_count[10]_i_2_n_0 | mouse/Inst_Ps2Interface/delay_20us_count[10]_i_1_n_0 |                3 |             22 |
|  clk_IBUF_BUFG                   | mouse/x_new_reg_n_0                                  |                                                      |                4 |             24 |
|  clk_IBUF_BUFG                   | mouse/y_new_reg_n_0                                  |                                                      |                5 |             24 |
|  clk_IBUF_BUFG                   | mouse/Inst_Ps2Interface/delay_100us_count[0]_i_2_n_0 | mouse/Inst_Ps2Interface/clear                        |                4 |             28 |
| ~clk6p25m_BUFG                   |                                                      | oled_one/frame_counter[16]_i_1_n_0                   |                4 |             32 |
| ~clk6p25m_BUFG                   | oled_one/delay[0]_i_1_n_0                            |                                                      |                5 |             40 |
|  clk_IBUF_BUFG                   |                                                      | mouse/reset_timeout_cnt_reg_n_0                      |                5 |             48 |
|  clk_IBUF_BUFG                   |                                                      | mouse/reset_periodic_check_cnt__0                    |                6 |             52 |
| ~clk6p25m_BUFG                   | oled_one/FSM_onehot_state[31]_i_1__0_n_0             |                                                      |                9 |             64 |
|  clk_IBUF_BUFG                   |                                                      | clk_divider6p25m/clear                               |                8 |             64 |
|  clk_IBUF_BUFG                   |                                                      | team/clk_divider10k/clear                            |                8 |             64 |
|  index_reg[1]_i_2_n_0            |                                                      | team/sound/counter0_inferred__0/i__carry__2_n_0      |                9 |             66 |
| ~clk6p25m_BUFG                   |                                                      | oled_one/spi_word[39]_i_1_n_0                        |               19 |             90 |
|  clk_IBUF_BUFG                   |                                                      |                                                      |               38 |            208 |
+----------------------------------+------------------------------------------------------+------------------------------------------------------+------------------+----------------+


